  Determining projects to restore...
  Restored /app/CloakVanishCore/CloakVanishCore.csproj (in 171 ms).
  Restored /app/CloakVanishTests/CloakVanishTests.csproj (in 434 ms).
  CloakVanishCore -> /app/CloakVanishCore/bin/Debug/net10.0/CloakVanishCore.dll
/app/CloakVanishTests/TrackerNeutralizerTests.cs(73,78): warning CS8625: Cannot convert null literal to non-nullable reference type. [/app/CloakVanishTests/CloakVanishTests.csproj]
  CloakVanishTests -> /app/CloakVanishTests/bin/Debug/net10.0/CloakVanishTests.dll
Test run for /app/CloakVanishTests/bin/Debug/net10.0/CloakVanishTests.dll (.NETCoreApp,Version=v10.0)
VSTest version 18.0.1 (x64)

Starting test execution, please wait...
A total of 1 test files matched the specified pattern.

Passed!  - Failed:     0, Passed:     5, Skipped:     0, Total:     5, Duration: 56 ms - CloakVanishTests.dll (net10.0)
